{"sessionId":"6177b5","ts":1780211033408,"hyp":"B","loc":"chunk.go:ChunkTextInRange","msg":"split","data":{"splitBeforeClamp":600,"splitFinal":600,"minEnd":540,"maxEnd":600,"clamped":false,"chunkTail":"spkel9erwz:65opN~fXzHc2jIl7gn\n","nextStart":"dc.decodo.com:10013:"}}
{"sessionId":"6177b5","ts":1780211033408,"hyp":"B","loc":"chunk.go:ChunkTextInRange","msg":"split","data":{"splitBeforeClamp":1200,"splitFinal":1200,"minEnd":1140,"maxEnd":1200,"clamped":false,"chunkTail":"spkel9erwz:65opN~fXzHc2jIl7gn\n","nextStart":"dc.decodo.com:10025:"}}
{"sessionId":"6177b5","ts":1780211033408,"hyp":"B","loc":"chunk.go:ChunkTextInRange","msg":"split","data":{"splitBeforeClamp":1800,"splitFinal":1800,"minEnd":1740,"maxEnd":1800,"clamped":false,"chunkTail":"spkel9erwz:65opN~fXzHc2jIl7gn\n","nextStart":"dc.decodo.com:10037:"}}
{"sessionId":"6177b5","ts":1780211033408,"hyp":"B","loc":"chunk.go:ChunkTextInRange","msg":"split","data":{"splitBeforeClamp":2400,"splitFinal":2400,"minEnd":2340,"maxEnd":2400,"clamped":false,"chunkTail":"spkel9erwz:65opN~fXzHc2jIl7gn\n","nextStart":"dc.decodo.com:10049:"}}
{"sessionId":"6177b5","ts":1780211033408,"hyp":"B","loc":"chunk.go:ChunkTextInRange","msg":"split","data":{"splitBeforeClamp":3000,"splitFinal":3000,"minEnd":2940,"maxEnd":3000,"clamped":false,"chunkTail":"spkel9erwz:65opN~fXzHc2jIl7gn\n","nextStart":"dc.decodo.com:10061:"}}
{"sessionId":"6177b5","ts":1780211033409,"hyp":"B","loc":"chunk.go:ChunkTextInRange","msg":"split","data":{"splitBeforeClamp":3600,"splitFinal":3600,"minEnd":3540,"maxEnd":3600,"clamped":false,"chunkTail":"spkel9erwz:65opN~fXzHc2jIl7gn\n","nextStart":"dc.decodo.com:10073:"}}
{"sessionId":"6177b5","ts":1780211033409,"hyp":"B","loc":"chunk.go:ChunkTextInRange","msg":"split","data":{"splitBeforeClamp":4200,"splitFinal":4200,"minEnd":4140,"maxEnd":4200,"clamped":false,"chunkTail":"spkel9erwz:65opN~fXzHc2jIl7gn\n","nextStart":"dc.decodo.com:10085:"}}
{"sessionId":"6177b5","ts":1780211033409,"hyp":"B","loc":"chunk.go:ChunkTextInRange","msg":"split","data":{"splitBeforeClamp":4800,"splitFinal":4800,"minEnd":4740,"maxEnd":4800,"clamped":false,"chunkTail":"spkel9erwz:65opN~fXzHc2jIl7gn\n","nextStart":"dc.decodo.com:10097:"}}
{"sessionId":"6177b5","ts":1780211035657,"hyp":"B","loc":"chunk.go:ChunkTextInRange","msg":"split","data":{"splitBeforeClamp":600,"splitFinal":600,"minEnd":540,"maxEnd":600,"clamped":false,"chunkTail":"spkel9erwz:65opN~fXzHc2jIl7gn\n","nextStart":"dc.decodo.com:10013:"}}
{"sessionId":"6177b5","ts":1780211035657,"hyp":"B","loc":"chunk.go:ChunkTextInRange","msg":"split","data":{"splitBeforeClamp":1200,"splitFinal":1200,"minEnd":1140,"maxEnd":1200,"clamped":false,"chunkTail":"spkel9erwz:65opN~fXzHc2jIl7gn\n","nextStart":"dc.decodo.com:10025:"}}
{"sessionId":"6177b5","ts":1780211035657,"hyp":"B","loc":"chunk.go:ChunkTextInRange","msg":"split","data":{"splitBeforeClamp":1800,"splitFinal":1800,"minEnd":1740,"maxEnd":1800,"clamped":false,"chunkTail":"spkel9erwz:65opN~fXzHc2jIl7gn\n","nextStart":"dc.decodo.com:10037:"}}
{"sessionId":"6177b5","ts":1780211035658,"hyp":"B","loc":"chunk.go:ChunkTextInRange","msg":"split","data":{"splitBeforeClamp":2400,"splitFinal":2400,"minEnd":2340,"maxEnd":2400,"clamped":false,"chunkTail":"spkel9erwz:65opN~fXzHc2jIl7gn\n","nextStart":"dc.decodo.com:10049:"}}
{"sessionId":"6177b5","ts":1780211035658,"hyp":"B","loc":"chunk.go:ChunkTextInRange","msg":"split","data":{"splitBeforeClamp":3000,"splitFinal":3000,"minEnd":2940,"maxEnd":3000,"clamped":false,"chunkTail":"spkel9erwz:65opN~fXzHc2jIl7gn\n","nextStart":"dc.decodo.com:10061:"}}
{"sessionId":"6177b5","ts":1780211035658,"hyp":"B","loc":"chunk.go:ChunkTextInRange","msg":"split","data":{"splitBeforeClamp":3600,"splitFinal":3600,"minEnd":3540,"maxEnd":3600,"clamped":false,"chunkTail":"spkel9erwz:65opN~fXzHc2jIl7gn\n","nextStart":"dc.decodo.com:10073:"}}
{"sessionId":"6177b5","ts":1780211035658,"hyp":"B","loc":"chunk.go:ChunkTextInRange","msg":"split","data":{"splitBeforeClamp":4200,"splitFinal":4200,"minEnd":4140,"maxEnd":4200,"clamped":false,"chunkTail":"spkel9erwz:65opN~fXzHc2jIl7gn\n","nextStart":"dc.decodo.com:10085:"}}
{"sessionId":"6177b5","ts":1780211035658,"hyp":"B","loc":"chunk.go:ChunkTextInRange","msg":"split","data":{"splitBeforeClamp":4800,"splitFinal":4800,"minEnd":4740,"maxEnd":4800,"clamped":false,"chunkTail":"spkel9erwz:65opN~fXzHc2jIl7gn\n","nextStart":"dc.decodo.com:10097:"}}
{"sessionId":"6177b5","ts":1780211359859,"hyp":"B","loc":"chunk.go:ChunkTextInRange","msg":"split","data":{"splitBeforeClamp":572,"splitFinal":572,"minEnd":540,"maxEnd":600,"clamped":false,"chunkTail":".6:6316:yrrzepbk:3m3qllp3lgf5\n","nextStart":"72.1.154.154:8045:yr"}}
{"sessionId":"6177b5","ts":1780211359859,"hyp":"B","loc":"chunk.go:ChunkTextInRange","msg":"split","data":{"splitBeforeClamp":1134,"splitFinal":1134,"minEnd":1112,"maxEnd":1172,"clamped":false,"chunkTail":"93:6984:yrrzepbk:3m3qllp3lgf5\n","nextStart":"192.53.69.186:6824:y"}}
{"sessionId":"6177b5","ts":1780211359859,"hyp":"B","loc":"chunk.go:ChunkTextInRange","msg":"split","data":{"splitBeforeClamp":1707,"splitFinal":1707,"minEnd":1674,"maxEnd":1734,"clamped":false,"chunkTail":"07:6031:yrrzepbk:3m3qllp3lgf5\n","nextStart":"9.142.194.233:6901:y"}}
{"sessionId":"6177b5","ts":1780211361150,"hyp":"B","loc":"chunk.go:ChunkTextInRange","msg":"split","data":{"splitBeforeClamp":572,"splitFinal":572,"minEnd":540,"maxEnd":600,"clamped":false,"chunkTail":".6:6316:yrrzepbk:3m3qllp3lgf5\n","nextStart":"72.1.154.154:8045:yr"}}
{"sessionId":"6177b5","ts":1780211361150,"hyp":"B","loc":"chunk.go:ChunkTextInRange","msg":"split","data":{"splitBeforeClamp":1134,"splitFinal":1134,"minEnd":1112,"maxEnd":1172,"clamped":false,"chunkTail":"93:6984:yrrzepbk:3m3qllp3lgf5\n","nextStart":"192.53.69.186:6824:y"}}
{"sessionId":"6177b5","ts":1780211361150,"hyp":"B","loc":"chunk.go:ChunkTextInRange","msg":"split","data":{"splitBeforeClamp":1707,"splitFinal":1707,"minEnd":1674,"maxEnd":1734,"clamped":false,"chunkTail":"07:6031:yrrzepbk:3m3qllp3lgf5\n","nextStart":"9.142.194.233:6901:y"}}
{"sessionId":"6177b5","ts":1780211811226,"hyp":"B","loc":"chunk.go:ChunkTextInRange","msg":"split","data":{"splitBeforeClamp":378,"splitFinal":540,"minEnd":540,"maxEnd":600,"clamped":true,"chunkTail":"er=ANGLE (NVIDIA, NVIDIA GeFor","nextStart":"ce GTX 1660 Ti (0x00"}}
{"sessionId":"6177b5","ts":1780211811227,"hyp":"B","loc":"chunk.go:ChunkTextInRange","msg":"split","data":{"splitBeforeClamp":1050,"splitFinal":1080,"minEnd":1080,"maxEnd":1140,"clamped":true,"chunkTail":"[Luồng 2] 🔍 DIAG:webdriver=und","nextStart":"efined|renderer=ANGL"}}
{"sessionId":"6177b5","ts":1780211811227,"hyp":"B","loc":"chunk.go:ChunkTextInRange","msg":"split","data":{"splitBeforeClamp":1541,"splitFinal":1620,"minEnd":1620,"maxEnd":1680,"clamped":true,"chunkTail":"LE (NVIDIA, NVIDIA GeForce GTX","nextStart":"1660 Ti (0x00002182)"}}
{"sessionId":"6177b5","ts":1780211811227,"hyp":"B","loc":"chunk.go:ChunkTextInRange","msg":"split","data":{"splitBeforeClamp":2220,"splitFinal":2220,"minEnd":2161,"maxEnd":2221,"clamped":false,"chunkTail":"sang kết nối khác…\n14:09:34\n↺\n","nextStart":"[Luồng 1] Đang chờ… "}}
{"sessionId":"6177b5","ts":1780211811227,"hyp":"B","loc":"chunk.go:ChunkTextInRange","msg":"split","data":{"splitBeforeClamp":2803,"splitFinal":2803,"minEnd":2760,"maxEnd":2820,"clamped":false,"chunkTail":"sang kết nối khác…\n14:10:36\n↺\n","nextStart":"[Luồng 2] Đang chờ… "}}
{"sessionId":"6177b5","ts":1780211811227,"hyp":"B","loc":"chunk.go:ChunkTextInRange","msg":"split","data":{"splitBeforeClamp":3118,"splitFinal":3343,"minEnd":3343,"maxEnd":3403,"clamped":true,"chunkTail":"10:48\n♪\n[Luồng 1] 🔍 DIAG:webdr","nextStart":"iver=undefined|rende"}}
{"sessionId":"6177b5","ts":1780211811227,"hyp":"B","loc":"chunk.go:ChunkTextInRange","msg":"split","data":{"splitBeforeClamp":3938,"splitFinal":3938,"minEnd":3883,"maxEnd":3943,"clamped":false,"chunkTail":"(kết nối bị chặn)…\n14:10:58\n↺\n","nextStart":"[Luồng 0] Đang đổi s"}}
{"sessionId":"6177b5","ts":1780211811227,"hyp":"B","loc":"chunk.go:ChunkTextInRange","msg":"split","data":{"splitBeforeClamp":4352,"splitFinal":4478,"minEnd":4478,"maxEnd":4538,"clamped":true,"chunkTail":"\n♪\n[Luồng 1] 🔍 DIAG:webdriver=","nextStart":"undefined|renderer=A"}}
{"sessionId":"6177b5","ts":1780211811228,"hyp":"B","loc":"chunk.go:ChunkTextInRange","msg":"split","data":{"splitBeforeClamp":5076,"splitFinal":5076,"minEnd":5018,"maxEnd":5078,"clamped":false,"chunkTail":"7\n♪\n[Luồng 2] Đang thiết lập…\n","nextStart":"14:11:48\n♪\n[Luồng 0]"}}
{"sessionId":"6177b5","ts":1780211811228,"hyp":"B","loc":"chunk.go:ChunkTextInRange","msg":"split","data":{"splitBeforeClamp":5633,"splitFinal":5633,"minEnd":5616,"maxEnd":5676,"clamped":false,"chunkTail":"_0, D3D11)|vendor=Google Inc. ","nextStart":"(NVIDIA)|cores=20|me"}}
{"sessionId":"6177b5","ts":1780211812482,"hyp":"B","loc":"chunk.go:ChunkTextInRange","msg":"split","data":{"splitBeforeClamp":378,"splitFinal":540,"minEnd":540,"maxEnd":600,"clamped":true,"chunkTail":"er=ANGLE (NVIDIA, NVIDIA GeFor","nextStart":"ce GTX 1660 Ti (0x00"}}
{"sessionId":"6177b5","ts":1780211812483,"hyp":"B","loc":"chunk.go:ChunkTextInRange","msg":"split","data":{"splitBeforeClamp":1050,"splitFinal":1080,"minEnd":1080,"maxEnd":1140,"clamped":true,"chunkTail":"[Luồng 2] 🔍 DIAG:webdriver=und","nextStart":"efined|renderer=ANGL"}}
{"sessionId":"6177b5","ts":1780211812483,"hyp":"B","loc":"chunk.go:ChunkTextInRange","msg":"split","data":{"splitBeforeClamp":1541,"splitFinal":1620,"minEnd":1620,"maxEnd":1680,"clamped":true,"chunkTail":"LE (NVIDIA, NVIDIA GeForce GTX","nextStart":"1660 Ti (0x00002182)"}}
{"sessionId":"6177b5","ts":1780211812483,"hyp":"B","loc":"chunk.go:ChunkTextInRange","msg":"split","data":{"splitBeforeClamp":2220,"splitFinal":2220,"minEnd":2161,"maxEnd":2221,"clamped":false,"chunkTail":"sang kết nối khác…\n14:09:34\n↺\n","nextStart":"[Luồng 1] Đang chờ… "}}
{"sessionId":"6177b5","ts":1780211812483,"hyp":"B","loc":"chunk.go:ChunkTextInRange","msg":"split","data":{"splitBeforeClamp":2803,"splitFinal":2803,"minEnd":2760,"maxEnd":2820,"clamped":false,"chunkTail":"sang kết nối khác…\n14:10:36\n↺\n","nextStart":"[Luồng 2] Đang chờ… "}}
{"sessionId":"6177b5","ts":1780211812483,"hyp":"B","loc":"chunk.go:ChunkTextInRange","msg":"split","data":{"splitBeforeClamp":3118,"splitFinal":3343,"minEnd":3343,"maxEnd":3403,"clamped":true,"chunkTail":"10:48\n♪\n[Luồng 1] 🔍 DIAG:webdr","nextStart":"iver=undefined|rende"}}
{"sessionId":"6177b5","ts":1780211812484,"hyp":"B","loc":"chunk.go:ChunkTextInRange","msg":"split","data":{"splitBeforeClamp":3938,"splitFinal":3938,"minEnd":3883,"maxEnd":3943,"clamped":false,"chunkTail":"(kết nối bị chặn)…\n14:10:58\n↺\n","nextStart":"[Luồng 0] Đang đổi s"}}
{"sessionId":"6177b5","ts":1780211812484,"hyp":"B","loc":"chunk.go:ChunkTextInRange","msg":"split","data":{"splitBeforeClamp":4352,"splitFinal":4478,"minEnd":4478,"maxEnd":4538,"clamped":true,"chunkTail":"\n♪\n[Luồng 1] 🔍 DIAG:webdriver=","nextStart":"undefined|renderer=A"}}
{"sessionId":"6177b5","ts":1780211812484,"hyp":"B","loc":"chunk.go:ChunkTextInRange","msg":"split","data":{"splitBeforeClamp":5076,"splitFinal":5076,"minEnd":5018,"maxEnd":5078,"clamped":false,"chunkTail":"7\n♪\n[Luồng 2] Đang thiết lập…\n","nextStart":"14:11:48\n♪\n[Luồng 0]"}}
{"sessionId":"6177b5","ts":1780211812484,"hyp":"B","loc":"chunk.go:ChunkTextInRange","msg":"split","data":{"splitBeforeClamp":5633,"splitFinal":5633,"minEnd":5616,"maxEnd":5676,"clamped":false,"chunkTail":"_0, D3D11)|vendor=Google Inc. ","nextStart":"(NVIDIA)|cores=20|me"}}
{"sessionId":"6177b5","ts":1780212072673,"hyp":"B","loc":"chunk.go:ChunkTextInRange","msg":"split","data":{"splitBeforeClamp":598,"splitFinal":598,"minEnd":540,"maxEnd":600,"clamped":false,"chunkTail":"g 1] 🔑 Captcha token len=2172\n","nextStart":"14:17:01\n♪\n[Luồng 1]"}}
{"sessionId":"6177b5","ts":1780212072673,"hyp":"B","loc":"chunk.go:ChunkTextInRange","msg":"split","data":{"splitBeforeClamp":1190,"splitFinal":1190,"minEnd":1138,"maxEnd":1198,"clamped":false,"chunkTail":"♪\n[Luồng 0] 🌐 IP: 5.180.6.222\n","nextStart":"14:17:16\n♪\n[Luồng 0]"}}
{"sessionId":"6177b5","ts":1780212072674,"hyp":"B","loc":"chunk.go:ChunkTextInRange","msg":"split","data":{"splitBeforeClamp":1752,"splitFinal":1752,"minEnd":1730,"maxEnd":1790,"clamped":false,"chunkTail":"_0, D3D11)|vendor=Google Inc. ","nextStart":"(NVIDIA)|cores=20|me"}}
{"sessionId":"6177b5","ts":1780212072674,"hyp":"B","loc":"chunk.go:ChunkTextInRange","msg":"split","data":{"splitBeforeClamp":2185,"splitFinal":2292,"minEnd":2292,"maxEnd":2352,"clamped":true,"chunkTail":"igger our a…\n14:17:25\n↺\n[Luồng","nextStart":"0] Đang đổi kết nối "}}
{"sessionId":"6177b5","ts":1780212072674,"hyp":"B","loc":"chunk.go:ChunkTextInRange","msg":"split","data":{"splitBeforeClamp":2622,"splitFinal":2833,"minEnd":2833,"maxEnd":2893,"clamped":true,"chunkTail":" kết nối khác…\n14:17:29\n↺\n[Luồ","nextStart":"ng 0] Đang chờ… đang"}}
{"sessionId":"6177b5","ts":1780212074001,"hyp":"B","loc":"chunk.go:ChunkTextInRange","msg":"split","data":{"splitBeforeClamp":598,"splitFinal":598,"minEnd":540,"maxEnd":600,"clamped":false,"chunkTail":"g 1] 🔑 Captcha token len=2172\n","nextStart":"14:17:01\n♪\n[Luồng 1]"}}
{"sessionId":"6177b5","ts":1780212074001,"hyp":"B","loc":"chunk.go:ChunkTextInRange","msg":"split","data":{"splitBeforeClamp":1190,"splitFinal":1190,"minEnd":1138,"maxEnd":1198,"clamped":false,"chunkTail":"♪\n[Luồng 0] 🌐 IP: 5.180.6.222\n","nextStart":"14:17:16\n♪\n[Luồng 0]"}}
{"sessionId":"6177b5","ts":1780212074001,"hyp":"B","loc":"chunk.go:ChunkTextInRange","msg":"split","data":{"splitBeforeClamp":1752,"splitFinal":1752,"minEnd":1730,"maxEnd":1790,"clamped":false,"chunkTail":"_0, D3D11)|vendor=Google Inc. ","nextStart":"(NVIDIA)|cores=20|me"}}
{"sessionId":"6177b5","ts":1780212074002,"hyp":"B","loc":"chunk.go:ChunkTextInRange","msg":"split","data":{"splitBeforeClamp":2185,"splitFinal":2292,"minEnd":2292,"maxEnd":2352,"clamped":true,"chunkTail":"igger our a…\n14:17:25\n↺\n[Luồng","nextStart":"0] Đang đổi kết nối "}}
{"sessionId":"6177b5","ts":1780212074002,"hyp":"B","loc":"chunk.go:ChunkTextInRange","msg":"split","data":{"splitBeforeClamp":2622,"splitFinal":2833,"minEnd":2833,"maxEnd":2893,"clamped":true,"chunkTail":" kết nối khác…\n14:17:29\n↺\n[Luồ","nextStart":"ng 0] Đang chờ… đang"}}
